.\gradlew.bat : 
At line:1 char:1
+ .\gradlew.bat 
assembleDebug > 
build_output.txt 
2>&1; Get-Content 
buil ...
+ ~~~~~~~~~~~~~~~~~~~~
~~~~~~~~~~~~~~~~~~~~~~
~~~~~~~~~
    + CategoryInfo    
          : NotSpeci  
  fied: (:String) [   
 ], RemoteExceptio    
n
    + FullyQualifiedE 
   rrorId : NativeCo  
  mmandError
 
FAILURE: Build failed 
with an exception.

* What went wrong:
Value 'D:\Java' given 
for 
org.gradle.java.home 
Gradle property is 
invalid (Java home 
supplied seems to be 
invalid)

* Try:
> Run with 
--stacktrace option 
to get the stack 
trace.
> Run with --info or 
--debug option to get 
more log output.
> Run with --scan to 
get full insights.
> Get more help at htt
ps://help.gradle.org.
